
> supermarket-core@0.1.0 build
> next build

ظû▓ Next.js 16.1.6 (Turbopack)
- Environments: .env

node.exe : ظأب The 
"middleware" file 
convention is 
deprecated. Please 
use "proxy" instead. 
Learn more: https://n
extjs.org/docs/messag
es/middleware-to-prox
y
At line:1 char:1
+ & "C:\Program Files
\nodejs/node.exe" 
"C:\Program 
Files\nodejs/node_mo 
...
+ ~~~~~~~~~~~~~~~~~~~
~~~~~~~~~~~~~~~~~~~~~
~~~~~~~~~~~~~~~~~~~~~
~~~~~~~~
    + CategoryInfo   
           : NotSpe  
  cified: (ظأب The   
  "middle...lewar    
e-to-proxy:Strin    
g) [], RemoteExc    
eption
    + FullyQualified 
   ErrorId : Native  
  CommandError
 
  Creating an optimized production build ...

> Build error 
occurred
Error: Turbopack 
build failed with 4 
errors:
./app/(tenant)/sales/
customers/[id]/page.t
sx:7:1
Export checkAdmin 
doesn't exist in 
target module
[0m [90m  5 |[39m 
[36mimport[39m { [
33mFileText[39m[33m
,[39m [33mArrowRigh
t[39m[33m,[39m 
[33mUser[39m } 
[36mfrom[39m [32m'
lucide-react'[39m[3
3m;[39m
 [90m  6 |[39m 
[36mimport[39m 
[33mLink[39m 
[36mfrom[39m [32m'
next/link'[39m[33m;
[39m
[31m[1m>[22m[39m
[90m  7 |[39m 
[36mimport[39m { 
checkAdmin } 
[36mfrom[39m [32m'
@/lib/auth'[39m[33m
;[39m
 [90m    |[39m [31
m[1m^[22m[39m[31m
[1m^[22m[39m[31m
[1m^[22m[39m[31m[
1m^[22m[39m[31m[1
m^[22m[39m[31m[1m
^[22m[39m[31m[1m^
[22m[39m[31m[1m^
[22m[39m[31m[1m^[
22m[39m[31m[1m^[2
2m[39m[31m[1m^[22
m[39m[31m[1m^[22m
[39m[31m[1m^[22m
[39m[31m[1m^[22m[
39m[31m[1m^[22m[3
9m[31m[1m^[22m[39
m[31m[1m^[22m[39m
[31m[1m^[22m[39m
[31m[1m^[22m[39m[
31m[1m^[22m[39m[3
1m[1m^[22m[39m[31
m[1m^[22m[39m[31m
[1m^[22m[39m[31m
[1m^[22m[39m[31m[
1m^[22m[39m[31m[1
m^[22m[39m[31m[1m
^[22m[39m[31m[1m^
[22m[39m[31m[1m^
[22m[39m[31m[1m^[
22m[39m[31m[1m^[2
2m[39m[31m[1m^[22
m[39m[31m[1m^[22m
[39m[31m[1m^[22m
[39m[31m[1m^[22m[
39m[31m[1m^[22m[3
9m[31m[1m^[22m[39
m[31m[1m^[22m[39m
[31m[1m^[22m[39m
[31m[1m^[22m[39m
 [90m  8 |[39m 
[36mimport[39m [33
mPrintButton[39m 
[36mfrom[39m [32m'
./print-button'[39m
[33m;[39m
 [90m  9 |[39m 
[36mimport[39m 
[33mPageHeader[39m 
[36mfrom[39m [32m'
@/components/ui/PageH
eader'[39m[33m;[39
m
 [90m 10 |[39m[0m

The export 
checkAdmin was not 
found in module [proj
ect]/lib/auth.ts 
[app-rsc] 
(ecmascript).
Did you mean to 
import isSuperAdmin?
All exports of the 
module are 
statically known (It 
doesn't have dynamic 
exports). So it's 
known statically 
that the requested 
export doesn't exist.


./app/api/audit/route
.ts:4:1
Export checkAdmin 
doesn't exist in 
target module
[0m [90m 2 |[39m 
[36mimport[39m { 
prisma } 
[36mfrom[39m [32m'
@/lib/prisma'[39m[3
3m;[39m
 [90m 3 |[39m 
[36mimport[39m { 
cookies } 
[36mfrom[39m [32m'
next/headers'[39m[3
3m;[39m
[31m[1m>[22m[39m
[90m 4 |[39m 
[36mimport[39m { 
checkAdmin } 
[36mfrom[39m [32m'
@/lib/auth'[39m[33m
;[39m
 [90m   |[39m [31m
[1m^[22m[39m[31m
[1m^[22m[39m[31m[
1m^[22m[39m[31m[1
m^[22m[39m[31m[1m
^[22m[39m[31m[1m^
[22m[39m[31m[1m^
[22m[39m[31m[1m^[
22m[39m[31m[1m^[2
2m[39m[31m[1m^[22
m[39m[31m[1m^[22m
[39m[31m[1m^[22m
[39m[31m[1m^[22m[
39m[31m[1m^[22m[3
9m[31m[1m^[22m[39
m[31m[1m^[22m[39m
[31m[1m^[22m[39m
[31m[1m^[22m[39m[
31m[1m^[22m[39m[3
1m[1m^[22m[39m[31
m[1m^[22m[39m[31m
[1m^[22m[39m[31m
[1m^[22m[39m[31m[
1m^[22m[39m[31m[1
m^[22m[39m[31m[1m
^[22m[39m[31m[1m^
[22m[39m[31m[1m^
[22m[39m[31m[1m^[
22m[39m[31m[1m^[2
2m[39m[31m[1m^[22
m[39m[31m[1m^[22m
[39m[31m[1m^[22m
[39m[31m[1m^[22m[
39m[31m[1m^[22m[3
9m[31m[1m^[22m[39
m[31m[1m^[22m[39m
[31m[1m^[22m[39m
[31m[1m^[22m[39m[
31m[1m^[22m[39m
 [90m 5 |[39m
 [90m 6 |[39m 
[36mexport[39m 
[36mconst[39m 
dynamic [33m=[39m 
[32m'force-dynamic'[
39m[33m;[39m
 [90m 7 |[39m[0m

The export 
checkAdmin was not 
found in module [proj
ect]/lib/auth.ts 
[app-route] 
(ecmascript).
Did you mean to 
import isSuperAdmin?
All exports of the 
module are 
statically known (It 
doesn't have dynamic 
exports). So it's 
known statically 
that the requested 
export doesn't exist.


./app/api/reports/bi/
route.ts:3:1
Export checkAdmin 
doesn't exist in 
target module
[0m [90m 1 |[39m 
[36mimport[39m { [
33mNextResponse[39m 
} [36mfrom[39m [32
m'next/server'[39m[
33m;[39m
 [90m 2 |[39m 
[36mimport[39m { 
prisma } 
[36mfrom[39m [32m'
@/lib/prisma'[39m[3
3m;[39m
[31m[1m>[22m[39m
[90m 3 |[39m 
[36mimport[39m { 
checkAdmin } 
[36mfrom[39m [32m'
@/lib/auth'[39m[33m
;[39m
 [90m   |[39m [31m
[1m^[22m[39m[31m
[1m^[22m[39m[31m[
1m^[22m[39m[31m[1
m^[22m[39m[31m[1m
^[22m[39m[31m[1m^
[22m[39m[31m[1m^
[22m[39m[31m[1m^[
22m[39m[31m[1m^[2
2m[39m[31m[1m^[22
m[39m[31m[1m^[22m
[39m[31m[1m^[22m
[39m[31m[1m^[22m[
39m[31m[1m^[22m[3
9m[31m[1m^[22m[39
m[31m[1m^[22m[39m
[31m[1m^[22m[39m
[31m[1m^[22m[39m[
31m[1m^[22m[39m[3
1m[1m^[22m[39m[31
m[1m^[22m[39m[31m
[1m^[22m[39m[31m
[1m^[22m[39m[31m[
1m^[22m[39m[31m[1
m^[22m[39m[31m[1m
^[22m[39m[31m[1m^
[22m[39m[31m[1m^
[22m[39m[31m[1m^[
22m[39m[31m[1m^[2
2m[39m[31m[1m^[22
m[39m[31m[1m^[22m
[39m[31m[1m^[22m
[39m[31m[1m^[22m[
39m[31m[1m^[22m[3
9m[31m[1m^[22m[39
m[31m[1m^[22m[39m
[31m[1m^[22m[39m
[31m[1m^[22m[39m[
31m[1m^[22m[39m
 [90m 4 |[39m
 [90m 5 |[39m 
[36mexport[39m 
[36masync[39m 
[36mfunction[39m [
33mGET[39m(request[
33m:[39m 
[33mRequest[39m) {
 [90m 6 |[39m     
[36mconst[39m 
adminStr [33m=[39m 
[36mawait[39m check
Admin()[33m;[39m[0
m

The export 
checkAdmin was not 
found in module [proj
ect]/lib/auth.ts 
[app-route] 
(ecmascript).
Did you mean to 
import isSuperAdmin?
All exports of the 
module are 
statically known (It 
doesn't have dynamic 
exports). So it's 
known statically 
that the requested 
export doesn't exist.


./app/api/users/route
.ts:3:1
Export getCallerRole 
doesn't exist in 
target module
[0m [90m 1 |[39m 
[36mimport[39m { [
33mNextRequest[39m[
33m,[39m [33mNextRe
sponse[39m } 
[36mfrom[39m [32m'
next/server'[39m[33
m;[39m
 [90m 2 |[39m 
[36mimport[39m { 
prisma } 
[36mfrom[39m [32m'
@/lib/prisma'[39m[3
3m;[39m
[31m[1m>[22m[39m
[90m 3 |[39m 
[36mimport[39m { 
getCallerRole } 
[36mfrom[39m [32m'
@/lib/auth'[39m[33m
;[39m
 [90m   |[39m [31m
[1m^[22m[39m[31m
[1m^[22m[39m[31m[
1m^[22m[39m[31m[1
m^[22m[39m[31m[1m
^[22m[39m[31m[1m^
[22m[39m[31m[1m^
[22m[39m[31m[1m^[
22m[39m[31m[1m^[2
2m[39m[31m[1m^[22
m[39m[31m[1m^[22m
[39m[31m[1m^[22m
[39m[31m[1m^[22m[
39m[31m[1m^[22m[3
9m[31m[1m^[22m[39
m[31m[1m^[22m[39m
[31m[1m^[22m[39m
[31m[1m^[22m[39m[
31m[1m^[22m[39m[3
1m[1m^[22m[39m[31
m[1m^[22m[39m[31m
[1m^[22m[39m[31m
[1m^[22m[39m[31m[
1m^[22m[39m[31m[1
m^[22m[39m[31m[1m
^[22m[39m[31m[1m^
[22m[39m[31m[1m^
[22m[39m[31m[1m^[
22m[39m[31m[1m^[2
2m[39m[31m[1m^[22
m[39m[31m[1m^[22m
[39m[31m[1m^[22m
[39m[31m[1m^[22m[
39m[31m[1m^[22m[3
9m[31m[1m^[22m[39
m[31m[1m^[22m[39m
[31m[1m^[22m[39m
[31m[1m^[22m[39m[
31m[1m^[22m[39m[3
1m[1m^[22m[39m[31
m[1m^[22m[39m[31m
[1m^[22m[39m
 [90m 4 |[39m 
[36mimport[39m 
crypto 
[36mfrom[39m [32m'
crypto'[39m[33m;[3
9m
 [90m 5 |[39m
 [90m 6 |[39m 
[36mexport[39m 
[36mconst[39m 
dynamic [33m=[39m 
[32m'force-dynamic'[
39m[33m;[39m[0m

The export 
getCallerRole was 
not found in module [
project]/lib/auth.ts 
[app-route] 
(ecmascript).
Did you mean to 
import 
generateRefreshToken?
All exports of the 
module are 
statically known (It 
doesn't have dynamic 
exports). So it's 
known statically 
that the requested 
export doesn't exist.


    at <unknown> (./a
pp/(tenant)/sales/cus
tomers/[id]/page.tsx:
7:1)
    at <unknown> (./a
pp/api/audit/route.ts
:4:1)
    at <unknown> (./a
pp/api/reports/bi/rou
te.ts:3:1)
    at <unknown> (./a
pp/api/users/route.ts
:3:1)
